[2026-05-14 06:58:51] === 触发 GitHub Actions: review ===
[2026-05-14 06:58:51] 发送 dispatch (第 1/3 次)...
[2026-05-14 06:58:52] Dispatch 发送成功 (HTTP 204)
[2026-05-14 06:58:52] 等待 GitHub Actions 创建运行...
[2026-05-14 06:59:07] 检查 2026-05-14T06:54:07Z 之后的运行记录...
[2026-05-14 06:59:08] 最近运行: [{"createdAt":"2026-05-14T06:58:54Z","displayTitle":"review","event":"repository_dispatch","status":"in_progress"},{"createdAt":"2026-05-14T06:56:58Z","displayTitle":"review","event":"repository_dispatch","status":"completed"},{"createdAt":"2026-05-14T06:45:12Z","displayTitle":"A股T+1选股系统","event":"workflow_dispatch","status":"completed"},{"createdAt":"2026-05-14T06:44:32Z","displayTitle":"check","event":"repository_dispatch","status":"completed"},{"createdAt":"2026-05-14T06:44:07Z","displayTitle":"A股T+1选股系统","event":"workflow_dispatch","status":"completed"}]
[2026-05-14 06:59:08] ✅ 发现 repository_dispatch 运行，触发验证成功
[2026-05-14 06:59:08] === 触发完成 ===
[2026-05-15 06:44:52] === 触发 GitHub Actions: review ===
[2026-05-15 06:44:52] 发送 dispatch (第 1/3 次)...
[2026-05-15 06:44:53] Dispatch 发送成功 (HTTP 204)
[2026-05-15 06:44:53] 等待 GitHub Actions 创建运行...
[2026-05-15 06:45:08] 检查 2026-05-15T06:40:08Z 之后的运行记录...
[2026-05-15 06:45:09] 最近运行: [{"createdAt":"2026-05-15T06:44:55Z","displayTitle":"review","event":"repository_dispatch","status":"in_progress"},{"createdAt":"2026-05-14T06:58:54Z","displayTitle":"review","event":"repository_dispatch","status":"completed"},{"createdAt":"2026-05-14T06:56:58Z","displayTitle":"review","event":"repository_dispatch","status":"completed"},{"createdAt":"2026-05-14T06:45:12Z","displayTitle":"A股T+1选股系统","event":"workflow_dispatch","status":"completed"},{"createdAt":"2026-05-14T06:44:32Z","displayTitle":"check","event":"repository_dispatch","status":"completed"}]
[2026-05-15 06:45:09] ✅ 发现 repository_dispatch 运行，触发验证成功
[2026-05-15 06:45:09] === 触发完成 ===
[2026-05-15 06:45:19] === 触发 GitHub Actions: recommend ===
[2026-05-15 06:45:19] 发送 dispatch (第 1/3 次)...
[2026-05-15 06:45:20] Dispatch 发送成功 (HTTP 204)
[2026-05-15 06:45:20] 等待 GitHub Actions 创建运行...
[2026-05-15 06:45:35] 检查 2026-05-15T06:40:35Z 之后的运行记录...
[2026-05-15 06:45:36] 最近运行: [{"createdAt":"2026-05-15T06:45:22Z","displayTitle":"recommend","event":"repository_dispatch","status":"in_progress"},{"createdAt":"2026-05-15T06:44:55Z","displayTitle":"review","event":"repository_dispatch","status":"in_progress"},{"createdAt":"2026-05-14T06:58:54Z","displayTitle":"review","event":"repository_dispatch","status":"completed"},{"createdAt":"2026-05-14T06:56:58Z","displayTitle":"review","event":"repository_dispatch","status":"completed"},{"createdAt":"2026-05-14T06:45:12Z","displayTitle":"A股T+1选股系统","event":"workflow_dispatch","status":"completed"}]
[2026-05-15 06:45:36] ✅ 发现 repository_dispatch 运行，触发验证成功
[2026-05-15 06:45:36] === 触发完成 ===
[2026-05-18 06:57:53] === 触发 GitHub Actions: review ===
[2026-05-18 06:57:53] 发送 dispatch (第 1/3 次)...
[2026-05-18 06:57:53] Dispatch 发送成功 (HTTP 204)
[2026-05-18 06:57:53] 等待 GitHub Actions 创建运行...
[2026-05-18 06:58:08] 检查 2026-05-18T06:53:08Z 之后的运行记录...
[2026-05-18 06:58:09] 最近运行: [{"createdAt":"2026-05-18T06:57:56Z","displayTitle":"review","event":"repository_dispatch","status":"in_progress"},{"createdAt":"2026-05-15T06:45:22Z","displayTitle":"recommend","event":"repository_dispatch","status":"completed"},{"createdAt":"2026-05-15T06:44:55Z","displayTitle":"review","event":"repository_dispatch","status":"completed"},{"createdAt":"2026-05-14T06:58:54Z","displayTitle":"review","event":"repository_dispatch","status":"completed"},{"createdAt":"2026-05-14T06:56:58Z","displayTitle":"review","event":"repository_dispatch","status":"completed"}]
[2026-05-18 06:58:09] ✅ 发现 repository_dispatch 运行，触发验证成功
[2026-05-18 06:58:09] === 触发完成 ===
[2026-05-18 06:58:18] === 触发 GitHub Actions: recommend ===
[2026-05-18 06:58:18] 发送 dispatch (第 1/3 次)...
[2026-05-18 06:58:18] Dispatch 发送成功 (HTTP 204)
[2026-05-18 06:58:18] 等待 GitHub Actions 创建运行...
[2026-05-18 06:58:33] 检查 2026-05-18T06:53:33Z 之后的运行记录...
[2026-05-18 06:58:34] 最近运行: [{"createdAt":"2026-05-18T06:58:20Z","displayTitle":"recommend","event":"repository_dispatch","status":"in_progress"},{"createdAt":"2026-05-18T06:57:56Z","displayTitle":"review","event":"repository_dispatch","status":"in_progress"},{"createdAt":"2026-05-15T06:45:22Z","displayTitle":"recommend","event":"repository_dispatch","status":"completed"},{"createdAt":"2026-05-15T06:44:55Z","displayTitle":"review","event":"repository_dispatch","status":"completed"},{"createdAt":"2026-05-14T06:58:54Z","displayTitle":"review","event":"repository_dispatch","status":"completed"}]
[2026-05-18 06:58:34] ✅ 发现 repository_dispatch 运行，触发验证成功
[2026-05-18 06:58:34] === 触发完成 ===
[2026-05-19 11:19:14] === 触发 GitHub Actions: review ===
[2026-05-19 11:19:14] 发送 dispatch (第 1/3 次)...
[2026-05-19 11:19:15] Dispatch 发送成功 (HTTP 204)
[2026-05-19 11:19:15] 等待 GitHub Actions 创建运行...
[2026-05-19 11:19:30] 检查 2026-05-19T11:14:30Z 之后的运行记录...
[2026-05-19 11:19:31] 最近运行: [{"createdAt":"2026-05-19T11:19:18Z","displayTitle":"review","event":"repository_dispatch","status":"queued"},{"createdAt":"2026-05-18T06:58:20Z","displayTitle":"recommend","event":"repository_dispatch","status":"completed"},{"createdAt":"2026-05-18T06:57:56Z","displayTitle":"review","event":"repository_dispatch","status":"completed"},{"createdAt":"2026-05-15T06:45:22Z","displayTitle":"recommend","event":"repository_dispatch","status":"completed"},{"createdAt":"2026-05-15T06:44:55Z","displayTitle":"review","event":"repository_dispatch","status":"completed"}]
[2026-05-19 11:19:31] ✅ 发现 repository_dispatch 运行，触发验证成功
[2026-05-19 11:19:31] === 触发完成 ===
[2026-05-19 11:19:37] === 触发 GitHub Actions: recommend ===
[2026-05-19 11:19:37] 发送 dispatch (第 1/3 次)...
[2026-05-19 11:19:37] Dispatch 发送成功 (HTTP 204)
[2026-05-19 11:19:37] 等待 GitHub Actions 创建运行...
[2026-05-19 11:19:52] 检查 2026-05-19T11:14:52Z 之后的运行记录...
[2026-05-19 11:19:54] 最近运行: [{"createdAt":"2026-05-19T11:19:39Z","displayTitle":"recommend","event":"repository_dispatch","status":"in_progress"},{"createdAt":"2026-05-19T11:19:18Z","displayTitle":"review","event":"repository_dispatch","status":"in_progress"},{"createdAt":"2026-05-18T06:58:20Z","displayTitle":"recommend","event":"repository_dispatch","status":"completed"},{"createdAt":"2026-05-18T06:57:56Z","displayTitle":"review","event":"repository_dispatch","status":"completed"},{"createdAt":"2026-05-15T06:45:22Z","displayTitle":"recommend","event":"repository_dispatch","status":"completed"}]
[2026-05-19 11:19:54] ✅ 发现 repository_dispatch 运行，触发验证成功
[2026-05-19 11:19:54] === 触发完成 ===
