[Tue May 19 11:21:48 AM UTC 2026] === 开始本地执行: review ===
[Tue May 19 11:21:48 AM UTC 2026] 同步GitHub数据...
From https://github.com/627170042/stock-advisor
 * branch            data       -> FETCH_HEAD
 + 0b55a08...ad70715 data       -> origin/data  (forced update)
[Tue May 19 11:21:49 AM UTC 2026] 数据同步完成
[Tue May 19 11:21:49 AM UTC 2026] 执行 review...
所有推荐已复盘，检查是否需要推送已完成的复盘结果...

============================================================
📊 累计统计: 总推荐 48 次 | 命中 11 次 | 胜率 22.9%
============================================================

============================================================
🔧 自适应策略优化 v5
============================================================
样本量: 48 | 命中: 11 | 胜率: 22.9%

[1/3] 概率校准(v5简化)...
  概率校准(v5简化): 偏移 -0.0500 → -0.0500 (模型平均0.67, 实际胜率0.23)

[2/3] 门槛调整...

[3/3] 权重微调...
  维度区分度: 潜力=+31.3, 技术=-5.1, 概率=-0.144
  权重调整: weight_potential 0.470 → 0.480
  权重调整: weight_prob 0.180 → 0.170
  ✅ 策略参数已持久化: /workspace/stock-advisor-github/data/config/strategy_params.json

============================================================
📊 策略优化报告 v5
============================================================
命中组: 技术=62.6, 潜力=52.5, 概率=55.9%, 推荐日涨幅=-0.9%
未命中组: 技术=67.8, 潜力=21.2, 概率=70.4%, 推荐日涨幅=0.3%

当前参数:
  min_tech_score: 50
  min_next_day_prob: 0.3
  weight_potential: 0.4800000000000001
  weight_tech: 0.35
  weight_prob: 0.16999999999999993
  max_recommend_day_change: 3.5
  min_prob_threshold: 0.3
  repeat_blacklist_days: 7
概率校准偏移: -0.0500

📱 策略参数已优化，推送通知...
✅ 微信推送成功

📱 本轮无新复盘，但推送最近复盘结果到企业微信（确保用户收到每日复盘通知）...
✅ 微信推送成功
[Tue May 19 11:21:50 AM UTC 2026] Python执行完成，退出码: 0
[Tue May 19 11:21:50 AM UTC 2026] 同步结果到GitHub...
[main 22ead66] review 2026-05-19
 3 files changed, 1305 insertions(+), 1 deletion(-)
 create mode 100644 data/config/holidays.json
 create mode 100644 data/config/strategy_params.json
To https://github.com/627170042/stock-advisor.git
 + ad70715...22ead66 HEAD -> data (forced update)
[Tue May 19 11:21:52 AM UTC 2026] ✅ 数据已同步到GitHub
[Tue May 19 11:21:52 AM UTC 2026] === 执行完成: review ===
