[Thu May 21 05:55:37 AM UTC 2026] === 开始本地执行: review ===
[Thu May 21 05:55:37 AM UTC 2026] 同步GitHub数据...
From https://github.com/627170042/stock-advisor
 * branch            data       -> FETCH_HEAD
[Thu May 21 05:55:38 AM UTC 2026] 数据同步完成
[Thu May 21 05:55:38 AM UTC 2026] 执行 review...

============================================================
📋 复盘分析 - 2026-05-21
============================================================

🔍 sz002600 领益智造 (budget)
   推荐日期: 2026-05-19 | 推荐价: 16.91
   次日表现: 开16.50 高16.74 收16.23
   收盘涨幅: -4.02% ❌ 未命中
   最大涨幅: -1.01% 

🔍 sz300857 协创数据 (strong)
   推荐日期: 2026-05-19 | 推荐价: 270.49
   次日表现: 开268.00 高280.00 收272.84
   收盘涨幅: 0.87% ❌ 未命中
   最大涨幅: 3.52% ✅

============================================================
📊 累计统计: 总推荐 50 次 | 命中 11 次 | 胜率 22.0%
============================================================

============================================================
🔧 自适应策略优化 v5
============================================================
样本量: 50 | 命中: 11 | 胜率: 22.0%

[1/3] 概率校准(v5简化)...
  概率校准(v5简化): 偏移 -0.0500 → -0.0500 (模型平均0.66, 实际胜率0.22)

[2/3] 门槛调整...

[3/3] 权重微调...
  维度区分度: 潜力=+27.4, 技术=-4.3, 概率=-0.131
  权重调整: weight_potential 0.490 → 0.500
  权重调整: weight_prob 0.160 → 0.150
  ✅ 策略参数已持久化: /workspace/stock-advisor-github/data/config/strategy_params.json

============================================================
📊 策略优化报告 v5
============================================================
命中组: 技术=62.6, 潜力=52.5, 概率=55.9%, 推荐日涨幅=-0.9%
未命中组: 技术=67.0, 潜力=25.1, 概率=69.0%, 推荐日涨幅=0.3%

当前参数:
  min_tech_score: 50
  min_next_day_prob: 0.3
  weight_potential: 0.5
  weight_tech: 0.35000000000000003
  weight_prob: 0.14999999999999994
  max_recommend_day_change: 3.5
  min_prob_threshold: 0.3
  repeat_blacklist_days: 7
概率校准偏移: -0.0500

📱 策略参数已优化，推送通知...
✅ 微信推送成功

📱 本轮新复盘 2 只，推送复盘到企业微信...
✅ 微信推送成功
[Thu May 21 05:55:39 AM UTC 2026] Python执行完成，退出码: 0
[Thu May 21 05:55:39 AM UTC 2026] 同步结果到GitHub...
[main f1ee797] review 2026-05-21
 2 files changed, 38 insertions(+), 8 deletions(-)
To https://github.com/627170042/stock-advisor.git
   c798719..f1ee797  HEAD -> data
[Thu May 21 05:55:41 AM UTC 2026] ✅ 数据已同步到GitHub
[Thu May 21 05:55:41 AM UTC 2026] === 执行完成: review ===
