[Fri May 22 06:12:20 AM UTC 2026] === 开始本地执行: recommend ===
[Fri May 22 06:12:20 AM UTC 2026] 同步GitHub数据...
From https://github.com/627170042/stock-advisor
 * branch            data       -> FETCH_HEAD
[Fri May 22 06:12:21 AM UTC 2026] 数据同步完成
[Fri May 22 06:12:21 AM UTC 2026] 执行 recommend...

A股T+1短线选股系统启动 - 2026-05-22 06:12


步骤1: 筛选今日推荐...
  预加载市场数据...
  已加载 154 只股票数据

============================================================
开始筛选 [budget] 类股票 (v5反转逻辑)...
============================================================
  动态参数: 涨幅上限=3.5%, 概率门槛=30%, 黑名单=7日
  权重: 潜力=0.50, 技术=0.35, 概率=0.14
  复用已有数据 154 只股票
  获取板块热度数据（新浪行业板块）...
  已加载 49 个行业板块
    🔥 电子器件: 热度95分 涨4.34% 领涨:三环集团
    🔥 电子信息: 热度85分 涨2.22% 领涨:天孚通信
    🔥 发电设备: 热度85分 涨2.28% 领涨:金利华电
    🔥 化纤行业: 热度85分 涨4.36% 领涨:中材科技
    🔥 次新股: 热度85分 涨3.05% 领涨:N族兴
[2/4] 多层过滤...
  基础过滤淘汰: 140 | 流动性淘汰: 0
  追涨淘汰: 8 | ★死亡区淘汰: 0
  重复推荐淘汰: 2
  通过过滤剩余 4 只
[3/4] 技术分析（Top 4）...
  [1/4] sh601991 大唐发电 潜力=77 技术=49 概率=33% 综合=60.5 ❄️电力行业(28分)
    信号: 缩量回调(主力未出) | 小幅回调蓄势 | 5日回撤15.9%(有反弹空间)
  [2/4] sz000100 TCL科技 潜力=72 技术=44 概率=36% 综合=56.6 🔥电子器件(95分)
    信号: 缩量回调(主力未出) | 缩量后放量上攻(★最强) | 量价健康(涨放量跌缩量)
  [3] sz000021 深科技 概率15%<30%，跳过
  [4] sz002185 华天科技 概率15%<30%，跳过
[4/4] 排序输出...

============================================================
开始筛选 [strong] 类股票 (v5反转逻辑)...
============================================================
  动态参数: 涨幅上限=3.5%, 概率门槛=30%, 黑名单=7日
  权重: 潜力=0.50, 技术=0.35, 概率=0.14
  复用已有数据 154 只股票
  获取板块热度数据（新浪行业板块）...
  已加载 49 个行业板块
    🔥 电子器件: 热度95分 涨4.31% 领涨:三环集团
    🔥 电子信息: 热度85分 涨2.18% 领涨:天孚通信
    🔥 发电设备: 热度85分 涨2.25% 领涨:金利华电
    🔥 化纤行业: 热度85分 涨4.32% 领涨:中材科技
    🔥 化工行业: 热度75分 涨3.11% 领涨:瑞丰高材
[2/4] 多层过滤...
  基础过滤淘汰: 6 | 流动性淘汰: 7
  追涨淘汰: 107 | ★死亡区淘汰: 1
  重复推荐淘汰: 2
  通过过滤剩余 31 只
[3/4] 技术分析（Top 15）...
  [1] sh688012 中微公司 概率19%<30%，跳过
  [2/15] sz300033 同花顺 潜力=97 技术=70 概率=56% 综合=81.2 📊未知(50分)
    信号: 缩量回调(主力未出) | 缩量后放量上攻(★最强) | 深幅回调(反弹预期强)
  [3] sh688072 拓荆科技 概率17%<30%，跳过
  [4/15] sz300058 蓝色光标 潜力=84 技术=46 概率=43% 综合=64.3 📊未知(50分)
    信号: 深幅回调(反弹预期强) | 5日回撤5.2%(有反弹空间) | 量价尚可
  [5/15] sh688256 寒武纪 潜力=83 技术=48 概率=46% 综合=65.0 🔥电子器件(95分)
    信号: 微跌蓄势 | 5日回撤5.2%(有反弹空间) | 量价尚可
  [6] sz002281 光迅科技 概率15%<30%，跳过
  [7/15] sz300059 东方财富 潜力=80 技术=70 概率=56% 综合=72.7 📊未知(50分)
    信号: 缩量回调(主力未出) | 缩量后放量上攻(★最强) | 深幅回调(反弹预期强)
  [8] sz300604 长川科技 概率15%<30%，跳过
  [9/15] sh601991 大唐发电 潜力=77 技术=49 概率=33% 综合=60.5 ❄️电力行业(28分)
    信号: 缩量回调(主力未出) | 小幅回调蓄势 | 5日回撤15.9%(有反弹空间)
  [10] sz002709 天赐材料 概率18%<30%，跳过
  [11/15] sz000100 TCL科技 潜力=72 技术=44 概率=36% 综合=56.6 🔥电子器件(95分)
    信号: 缩量回调(主力未出) | 缩量后放量上攻(★最强) | 量价健康(涨放量跌缩量)
  [12] sz301308 江波龙 概率15%<30%，跳过
  [13] sh688498 源杰科技 概率16%<30%，跳过
  [14] sz002371 北方华创 概率15%<30%，跳过
  [15] sz000988 华工科技 概率15%<30%，跳过
[4/4] 排序输出...

======================================================================
     A股T+1短线选股系统 - 每日推荐报告
======================================================================

生成时间: 2026-05-22 06:12:40
历史胜率: 21.6% (11/51) 

──────────────────────────────────────────────────────────────────────
推荐一：【低价最优解】非创业板 | 单价<=40元
──────────────────────────────────────────────────────────────────────

  代码: sh601991  名称: 大唐发电
  当前价格: 6.91 元
  当日涨幅: -1.99%
  换手率: 5.12%
  技术评分: 49
  次日概率: 33%
  综合评分: 60.5
  板块热度: ❄️ 电力行业(28分/冷门)

──────────────────────────────────────────────────────────────────────
推荐二：【市场最强】不限单价 | 短线爆发力
──────────────────────────────────────────────────────────────────────

  代码: sz300033  名称: 同花顺
  当前价格: 226.95 元
  当日涨幅: -3.92%
  换手率: 4.85%
  技术评分: 70
  次日概率: 56%
  综合评分: 81.2
  板块热度: 📊 未知(50分/温热)

──────────────────────────────────────────────────────────────────────
操作建议
──────────────────────────────────────────────────────────────────────
  买入时机: 尾盘14:30-14:55分批建仓
  止损纪律: 次日低开超2%立即止损
  目标收益: 2%-5%，达标即走

──────────────────────────────────────────────────────────────────────
免责声明: 本推荐仅供参考，不构成投资建议。股市有风险，投资需谨慎！
======================================================================


报告已保存: /workspace/stock-advisor-github/data/reports/report_2026-05-22.txt
推荐数据: /workspace/stock-advisor-github/data/reports/latest.json

步骤3: 推送到企业微信...
✅ 微信推送成功
[Fri May 22 06:12:40 AM UTC 2026] Python执行完成，退出码: 0
[Fri May 22 06:12:40 AM UTC 2026] 同步结果到GitHub...
[main 6b26f3e] recommend 2026-05-22
 1 file changed, 59 insertions(+)
To https://github.com/627170042/stock-advisor.git
   ad445c4..6b26f3e  HEAD -> data
[Fri May 22 06:12:42 AM UTC 2026] ✅ 数据已同步到GitHub
[Fri May 22 06:12:42 AM UTC 2026] === 执行完成: recommend ===
