[Fri May 22 06:12:05 AM UTC 2026] === 开始本地执行: review ===
[Fri May 22 06:12:05 AM UTC 2026] 同步GitHub数据...
From https://github.com/627170042/stock-advisor
 * branch            data       -> FETCH_HEAD
[Fri May 22 06:12:06 AM UTC 2026] 数据同步完成
[Fri May 22 06:12:06 AM UTC 2026] 执行 review...

============================================================
📋 复盘分析 - 2026-05-22
============================================================

🔍 sh600105 永鼎股份 (strong)
   推荐日期: 2026-05-21 | 推荐价: 47.97
   次日(实时): 开47.22 高47.75 收47.42
   涨幅(从推荐价): -1.15% ❌ 未命中

============================================================
📊 累计统计: 总推荐 51 次 | 命中 11 次 | 胜率 21.6%
============================================================

============================================================
🔧 自适应策略优化 v5
============================================================
样本量: 51 | 命中: 11 | 胜率: 21.6%

[1/3] 概率校准(v5简化)...
  概率校准(v5简化): 偏移 -0.0500 → -0.0500 (模型平均0.66, 实际胜率0.22)

[2/3] 门槛调整...

[3/3] 权重微调...
  维度区分度: 潜力=+25.6, 技术=-3.8, 概率=-0.124
  权重调整: weight_tech 0.350 → 0.354
  权重调整: weight_prob 0.150 → 0.141
  ✅ 策略参数已持久化: /workspace/stock-advisor-github/data/config/strategy_params.json

============================================================
📊 策略优化报告 v5
============================================================
命中组: 技术=62.6, 潜力=52.5, 概率=55.9%, 推荐日涨幅=-0.9%
未命中组: 技术=66.5, 潜力=26.9, 概率=68.4%, 推荐日涨幅=0.1%

当前参数:
  min_tech_score: 50
  min_next_day_prob: 0.3
  weight_potential: 0.5
  weight_tech: 0.3535353535353536
  weight_prob: 0.14141414141414135
  max_recommend_day_change: 3.5
  min_prob_threshold: 0.3
  repeat_blacklist_days: 7
概率校准偏移: -0.0500

📱 策略参数已优化，推送通知...
✅ 微信推送成功

📱 本轮新复盘 1 只，推送复盘到企业微信...
✅ 微信推送成功
[Fri May 22 06:12:07 AM UTC 2026] Python执行完成，退出码: 0
[Fri May 22 06:12:07 AM UTC 2026] 同步结果到GitHub...
[main ad445c4] review 2026-05-22
 2 files changed, 29 insertions(+), 6 deletions(-)
To https://github.com/627170042/stock-advisor.git
   4444049..ad445c4  HEAD -> data
[Fri May 22 06:12:09 AM UTC 2026] ✅ 数据已同步到GitHub
[Fri May 22 06:12:09 AM UTC 2026] === 执行完成: review ===
