[Thu May 21 05:55:50 AM UTC 2026] === 开始本地执行: recommend ===
[Thu May 21 05:55:50 AM UTC 2026] 同步GitHub数据...
From https://github.com/627170042/stock-advisor
 * branch            data       -> FETCH_HEAD
[Thu May 21 05:55:51 AM UTC 2026] 数据同步完成
[Thu May 21 05:55:51 AM UTC 2026] 执行 recommend...

A股T+1短线选股系统启动 - 2026-05-21 05:55


步骤1: 筛选今日推荐...
  预加载市场数据...
  已加载 158 只股票数据

============================================================
开始筛选 [budget] 类股票 (v5反转逻辑)...
============================================================
  动态参数: 涨幅上限=3.5%, 概率门槛=30%, 黑名单=7日
  权重: 潜力=0.50, 技术=0.35, 概率=0.15
  复用已有数据 158 只股票
  获取板块热度数据（新浪行业板块）...
  已加载 49 个行业板块
    📊 医疗器械: 热度55分 涨1.74% 领涨:九安医疗
    📊 汽车制造: 热度48分 涨1.60% 领涨:曙光股份
    📊 家电行业: 热度45分 涨0.96% 领涨:禾盛新材
    ❄️ 电子信息: 热度30分 涨-1.78% 领涨:同花顺
    ❄️ 电子器件: 热度28分 涨0.26% 领涨:华灿光电
[2/4] 多层过滤...
  基础过滤淘汰: 105 | 流动性淘汰: 3
  追涨淘汰: 39 | ★死亡区淘汰: 0
  重复推荐淘汰: 4
  通过过滤剩余 7 只
[3/4] 技术分析（Top 7）...
  [1] sh601991 大唐发电 概率24%<30%，跳过
  [2] sz002273 水晶光电 概率26%<30%，跳过
  [3] sz002185 华天科技 概率18%<30%，跳过
  [4] sz000021 深科技 概率15%<30%，跳过
  [5] sz002436 兴森科技 概率18%<30%，跳过
  [6] sh603005 晶方科技 概率15%<30%，跳过
  [7] sh600030 中信证券 概率16%<30%，跳过
[4/4] 排序输出...

============================================================
开始筛选 [strong] 类股票 (v5反转逻辑)...
============================================================
  动态参数: 涨幅上限=3.5%, 概率门槛=30%, 黑名单=7日
  权重: 潜力=0.50, 技术=0.35, 概率=0.15
  复用已有数据 158 只股票
  获取板块热度数据（新浪行业板块）...
  已加载 49 个行业板块
    📊 医疗器械: 热度55分 涨1.74% 领涨:九安医疗
    📊 汽车制造: 热度48分 涨1.60% 领涨:曙光股份
    📊 家电行业: 热度45分 涨0.96% 领涨:禾盛新材
    ❄️ 电子信息: 热度30分 涨-1.78% 领涨:同花顺
    ❄️ 电子器件: 热度28分 涨0.26% 领涨:华灿光电
[2/4] 多层过滤...
  基础过滤淘汰: 4 | 流动性淘汰: 9
  追涨淘汰: 84 | ★死亡区淘汰: 5
  重复推荐淘汰: 6
  通过过滤剩余 50 只
[3/4] 技术分析（Top 15）...
  [1] sh600522 中天科技 概率15%<30%，跳过
  [2/15] sh600487 亨通光电 潜力=97 技术=41 概率=38% 综合=68.5 📊未知(50分)
    信号: 深幅回调(反弹预期强) | 量价尚可 | 大跌(反弹机会)
  [3/15] sh600105 永鼎股份 潜力=97 技术=46 概率=43% 综合=71.0 📊未知(50分)
    信号: 深幅回调(反弹预期强) | 5日回撤6.2%(有反弹空间) | 量价尚可
  [4] sh603019 中科曙光 概率28%<30%，跳过
  [5] sz002281 光迅科技 概率15%<30%，跳过
  [6] sh601991 大唐发电 概率24%<30%，跳过
  [7] sh688110 东芯股份 概率19%<30%，跳过
  [8] sz002837 英维克 概率29%<30%，跳过
  [9] sh688313 仕佳光子 概率29%<30%，跳过
  [10/15] sh688048 长光华芯 潜力=87 技术=46 概率=38% 综合=65.3 ❄️电子器件(28分)
    信号: 深幅回调(反弹预期强) | 5日回撤12.1%(有反弹空间) | 量价尚可
  [11] sz002384 东山精密 概率15%<30%，跳过
  [12] sh688126 沪硅产业 概率16%<30%，跳过
  [13] sh688521 芯原股份 概率29%<30%，跳过
  [14] sz300308 中际旭创 概率24%<30%，跳过
  [15] sz002428 云南锗业 概率24%<30%，跳过
[4/4] 排序输出...

======================================================================
     A股T+1短线选股系统 - 每日推荐报告
======================================================================

生成时间: 2026-05-21 05:56:18
历史胜率: 22.0% (11/50) 

──────────────────────────────────────────────────────────────────────
推荐一：【低价最优解】非创业板 | 单价<=40元
──────────────────────────────────────────────────────────────────────

  今日未找到符合条件的低价股

──────────────────────────────────────────────────────────────────────
推荐二：【市场最强】不限单价 | 短线爆发力
──────────────────────────────────────────────────────────────────────

  代码: sh600105  名称: 永鼎股份
  当前价格: 47.97 元
  当日涨幅: -5.25%
  换手率: 6.23%
  技术评分: 46
  次日概率: 43%
  综合评分: 71.0
  板块热度: 📊 未知(50分/温热)

──────────────────────────────────────────────────────────────────────
操作建议
──────────────────────────────────────────────────────────────────────
  买入时机: 尾盘14:30-14:55分批建仓
  止损纪律: 次日低开超2%立即止损
  目标收益: 2%-5%，达标即走

──────────────────────────────────────────────────────────────────────
免责声明: 本推荐仅供参考，不构成投资建议。股市有风险，投资需谨慎！
======================================================================


报告已保存: /workspace/stock-advisor-github/data/reports/report_2026-05-21.txt
推荐数据: /workspace/stock-advisor-github/data/reports/latest.json

步骤3: 推送到企业微信...
✅ 微信推送成功
[Thu May 21 05:56:18 AM UTC 2026] Python执行完成，退出码: 0
[Thu May 21 05:56:18 AM UTC 2026] 同步结果到GitHub...
[main 4444049] recommend 2026-05-21
 1 file changed, 28 insertions(+)
To https://github.com/627170042/stock-advisor.git
   f1ee797..4444049  HEAD -> data
[Thu May 21 05:56:20 AM UTC 2026] ✅ 数据已同步到GitHub
[Thu May 21 05:56:20 AM UTC 2026] === 执行完成: recommend ===
